// Jest Snapshot v1, https://goo.gl/fbAQLP

exports[`Pruebas en GifGridItem Debe de hacer match con el snapshot 1`] = `
<div
  className="card animate__animated animate__bounce"
>
  <img
    alt="Un titulo"
    src="http://www.w3.org/1999/"
  />
  <p>
    Un titulo
  </p>
</div>
`;
